NRF.c:8:6:NRF_SetDefaultSettings	32	static
NRF.c:42:9:NRF_ReadReg	32	static
NRF.c:58:6:NRF_WriteReg	24	static
NRF.c:67:6:NRF_ToggleFeatures	16	static
NRF.c:80:6:NRF_ReadMBReg	16	static
NRF.c:88:6:NRF_WriteMBReg	24	static
NRF.c:99:6:NRF_FlushRX	16	static
NRF.c:110:6:NRF_FlushTX	16	static
NRF.c:121:6:NRF_RX_Mode	16	static
NRF.c:142:6:NRF_TX_Mode	16	static
NRF.c:167:6:NRF_GetPacket	32	static
NRF.c:197:8:NRF_SendPacket	32	static
NRF.c:242:8:NRF_SendMessage	64	static
NRF.c:270:6:NRF_IsAvailablePacket	8	static
NRF.c:275:6:NRF_ClearRxBuff	16	static
NRF.c:281:6:NRF_ClearTxBuff	16	static
NRF.c:287:6:NRF_CallbackFunc	8	static
NRF.c:327:22:DelayMicro	16	static
NRF_ShiftRegister.c:5:13:SR_Set	8	static
NRF_ShiftRegister.c:10:13:SR_Reset	8	static
NRF_ShiftRegister.c:15:6:SR_SetValue	24	static
NRF_ShiftRegister.c:25:6:SR_SetPin	16	static
NRF_ShiftRegister.c:31:6:SR_ResetPin	16	static
main.c:77:5:main	16	static
main.c:147:6:SystemClock_Config	72	static
main.c:181:6:InputMessageHandler	24	static
main.c:319:6:Error_Handler	8	static
