NRF.c:10:6:NRF_SetDefaultSettings	32	static
NRF.c:47:9:NRF_ReadReg	32	static
NRF.c:63:6:NRF_WriteReg	24	static
NRF.c:72:6:NRF_ToggleFeatures	16	static
NRF.c:85:6:NRF_ReadMBReg	16	static
NRF.c:93:6:NRF_WriteMBReg	24	static
NRF.c:104:6:NRF_FlushRX	16	static
NRF.c:115:6:NRF_FlushTX	16	static
NRF.c:126:6:NRF_RX_Mode	16	static
NRF.c:147:6:NRF_TX_Mode	16	static
NRF.c:172:6:NRF_GetPacket	32	static
NRF.c:201:8:NRF_SendPacket	32	static
NRF.c:246:8:NRF_SendMessage	64	static
NRF.c:274:6:NRF_IsAvailablePacket	8	static
NRF.c:279:6:NRF_IsAvailableMessage	4	static
NRF.c:284:6:NRF_ClearMessageBuff	16	static
NRF.c:290:6:NRF_CallbackFunc	8	static
NRF.c:330:22:DelayMicro	16	static
NRF_ShiftRegister.c:5:13:SR_Set	8	static
NRF_ShiftRegister.c:10:13:SR_Reset	8	static
NRF_ShiftRegister.c:15:6:SR_SetValue	24	static
NRF_ShiftRegister.c:25:6:SR_SetPin	16	static
NRF_ShiftRegister.c:31:6:SR_ResetPin	16	static
main.c:73:5:main	168	static
main.c:147:6:SystemClock_Config	72	static
main.c:181:6:InputMessageHandler	24	static
main.c:319:6:Error_Handler	8	static
